\BOOKMARK [0][]{titlepage.0}{\376\377\134\001\227\142}{}% 1
\BOOKMARK [0][]{cabstract.0}{\376\377\144\130\211\201}{}% 2
\BOOKMARK [0][]{eabstract.0}{\376\377\000A\000B\000S\000T\000R\000A\000C\000T}{}% 3
\BOOKMARK [0][]{contents.0}{\376\377\000t\000o\166\356\000\040\137\125}{}% 4
\BOOKMARK [0][]{chapter.1}{\376\377\0001\000\040\000\040\137\025\212\000}{}% 5
\BOOKMARK [1][-]{section.1.1}{\376\377\0001\000.\0001\000\040\170\024\172\166\200\314\146\157}{chapter.1}% 6
\BOOKMARK [1][-]{section.1.2}{\376\377\0001\000.\0002\000\040\155\361\136\246\133\146\116\140\127\050\221\316\160\153\230\316\226\151\145\366\172\172\230\204\155\113\116\055\166\204\136\224\165\050}{chapter.1}% 7
\BOOKMARK [2][-]{subsection.1.2.1}{\376\377\0001\000.\0002\000.\0001\000\040\126\376\120\317\213\355\116\111\122\006\122\162\116\016\122\006\174\173}{section.1.2}% 8
\BOOKMARK [2][-]{subsection.1.2.2}{\376\377\0001\000.\0002\000.\0002\000\040\145\366\172\172\230\204\155\113}{section.1.2}% 9
\BOOKMARK [1][-]{section.1.3}{\376\377\0001\000.\0003\000\040\147\054\213\272\145\207\116\073\211\201\121\205\133\271\123\312\176\323\147\204}{chapter.1}% 10
\BOOKMARK [0][]{chapter.2}{\376\377\0002\000\040\000\040\000F\000i\000r\000e\000C\000u\000b\000e\145\160\143\156\226\306\123\312\123\330\221\317\122\006\147\220}{}% 11
\BOOKMARK [1][-]{section.2.1}{\376\377\0002\000.\0001\000\040\123\072\127\337\151\202\121\265\123\312\145\366\172\172\145\160\143\156\147\204\136\372}{chapter.2}% 12
\BOOKMARK [1][-]{section.2.2}{\376\377\0002\000.\0002\000\040\221\307\150\067\145\271\137\017\123\312\213\255\176\303\145\160\143\156}{chapter.2}% 13
\BOOKMARK [1][-]{section.2.3}{\376\377\0002\000.\0003\000\040\162\171\137\201\123\330\221\317\122\006\147\220}{chapter.2}% 14
\BOOKMARK [2][-]{subsection.2.3.1}{\376\377\0002\000.\0003\000.\0001\000\040\227\131\140\001\123\330\221\317\122\006\147\220}{section.2.3}% 15
\BOOKMARK [2][-]{subsection.2.3.2}{\376\377\0002\000.\0003\000.\0002\000\040\122\250\140\001\123\330\221\317\122\006\147\220}{section.2.3}% 16
\BOOKMARK [0][]{chapter.3}{\376\377\0003\000\040\000\040\127\372\116\216\162\151\164\006\117\341\140\157\124\057\123\321\166\204\123\314\122\006\145\057\000S\000w\000i\000n\000\040\000T\000r\000a\000n\000s\000f\000o\000r\000m\000e\000r\230\204\155\113\152\041\127\213\166\204\147\266\147\204\213\276\213\241}{}% 17
\BOOKMARK [1][-]{section.3.1}{\376\377\0003\000.\0001\000\040\140\073\117\123\147\266\147\204\213\276\213\241\140\035\215\357}{chapter.3}% 18
\BOOKMARK [1][-]{section.3.2}{\376\377\0003\000.\0002\000\040\000S\000w\000i\000n\000\040\000T\000r\000a\000n\000s\000f\000o\000r\000m\000e\000r\127\372\170\100\123\237\164\006}{chapter.3}% 19
\BOOKMARK [1][-]{section.3.3}{\376\377\0003\000.\0003\000\040\123\314\122\006\145\057\000S\000w\000i\000n\000\040\000T\000r\000a\000n\000s\000f\000o\000r\000m\000e\000r\230\204\155\113\152\041\127\213}{chapter.3}% 20
\BOOKMARK [2][-]{subsection.3.3.1}{\376\377\0003\000.\0003\000.\0001\000\040\154\024\214\141\122\250\122\233\133\146\162\171\137\201\143\320\123\326\152\041\127\127\377\032\000S\000w\000i\000n\000\040\000T\000r\000a\000n\000s\000f\000o\000r\000m\000e\000r\000\040\0003\000D}{section.3.3}% 21
\BOOKMARK [2][-]{subsection.3.3.2}{\376\377\0003\000.\0003\000.\0002\000\040\227\131\140\001\127\060\214\214\162\171\137\201\177\026\170\001\152\041\127\127\377\032\000S\000w\000i\000n\000\040\000T\000r\000a\000n\000s\000f\000o\000r\000m\000e\000r\000\040\0002\000D}{section.3.3}% 22
\BOOKMARK [1][-]{section.3.4}{\376\377\0003\000.\0004\000\040\162\171\137\201\207\215\124\010\152\041\127\127\377\032\127\060\164\006\141\037\167\345\116\244\123\311\154\350\141\017\122\233\147\072\122\066\377\010\000G\000e\000o\000g\000r\000a\000p\000h\000i\000c\000\040\000C\000r\000o\000s\000s\000-\000A\000t\000t\000e\000n\000t\000i\000o\000n\377\011}{chapter.3}% 23
\BOOKMARK [1][-]{section.3.5}{\376\377\0003\000.\0005\000\040\162\151\164\006\117\341\140\157\124\057\123\321\166\204\145\160\143\156\221\315\147\204\116\016\154\350\141\017\122\233\120\117\177\156}{chapter.3}% 24
\BOOKMARK [2][-]{subsection.3.5.1}{\376\377\0003\000.\0005\000.\0001\000\040\127\372\116\216\160\355\122\233\133\146\121\110\232\214\166\204\231\161\124\214\154\064\154\175\123\213\135\356\377\010\000V\000P\000D\377\011\162\171\137\201\221\315\147\204}{section.3.5}% 25
\BOOKMARK [2][-]{subsection.3.5.2}{\376\377\0003\000.\0005\000.\0002\000\040\230\316\127\072\167\342\221\317\117\134\116\072\122\250\122\233\133\146\120\117\177\156\154\350\121\145\154\350\141\017\122\233\177\121\176\334}{section.3.5}% 26
\BOOKMARK [0][]{chapter.4}{\376\377\0004\000\040\000\040\133\236\232\214\176\323\147\234\116\016\213\304\117\060}{}% 27
\BOOKMARK [1][-]{section.4.1}{\376\377\0004\000.\0001\000\040\145\160\143\156\226\306\230\204\131\004\164\006\123\312\133\236\232\214\213\276\177\156}{chapter.4}% 28
\BOOKMARK [1][-]{section.4.2}{\376\377\0004\000.\0002\000\040\133\236\232\214\213\276\177\156\116\016\213\304\116\367\143\007\150\007}{chapter.4}% 29
\BOOKMARK [2][-]{subsection.4.2.1}{\376\377\0004\000.\0002\000.\0001\000\040\133\236\232\214\176\304\122\053\213\276\177\156}{section.4.2}% 30
\BOOKMARK [2][-]{subsection.4.2.2}{\376\377\0004\000.\0002\000.\0002\000\040\213\304\117\060\143\007\150\007}{section.4.2}% 31
\BOOKMARK [2][-]{subsection.4.2.3}{\376\377\0004\000.\0002\000.\0003\000\040\152\041\127\213\213\255\176\303\116\016\145\066\145\133\140\047\232\214\213\301}{section.4.2}% 32
\BOOKMARK [1][-]{section.4.3}{\376\377\0004\000.\0003\000\040\140\073\117\123\230\204\155\113\140\047\200\375\133\371\153\324}{chapter.4}% 33
\BOOKMARK [0][]{chapter.5}{\376\377\0005\000\040\000\040\123\357\211\343\221\312\140\047\122\006\147\220}{}% 34
\BOOKMARK [1][-]{section.5.1}{\376\377\0005\000.\0001\000\040\127\372\116\216\000S\000H\000A\000P\166\204\137\122\126\340\122\006\147\220}{chapter.5}% 35
\BOOKMARK [1][-]{section.5.2}{\376\377\0005\000.\0002\000\040\133\371\116\216\162\171\137\201\207\215\124\010\152\041\127\127\000G\000e\000o\000-\000C\000A\166\204\172\172\225\364\116\244\123\311\154\350\141\017\122\233\122\006\147\220}{chapter.5}% 36
\BOOKMARK [0][]{chapter.6}{\376\377\0006\000\040\000\040\140\073\176\323\116\016\213\250\213\272}{}% 37
\BOOKMARK [1][-]{section.6.1}{\376\377\0006\000.\0001\000\040\140\073\176\323}{chapter.6}% 38
\BOOKMARK [1][-]{section.6.2}{\376\377\0006\000.\0002\000\040\134\100\226\120\140\047\123\312\147\052\147\145\134\125\147\033}{chapter.6}% 39
\BOOKMARK [0][]{appendix.A}{\376\377\226\104\137\125\000\040\000A\000\040\000\040\152\041\127\213\150\070\137\303\152\041\127\127\116\343\170\001\133\236\163\260}{}% 40
\BOOKMARK [1][-]{section.A.1}{\376\377\000A\000.\0001\000\040\122\250\140\001\154\024\214\141\122\006\145\057\116\016\227\131\140\001\127\060\137\142\122\006\145\057\173\227\154\325\133\236\163\260}{appendix.A}% 41
\BOOKMARK [1][-]{section.A.2}{\376\377\000A\000.\0002\000\040\127\060\164\006\141\037\167\345\116\244\123\311\154\350\141\017\122\233\147\072\122\066\207\215\124\010\152\041\127\127\173\227\154\325\133\236\163\260}{appendix.A}% 42
\BOOKMARK [0][]{appendix*.25}{\376\377\123\302\200\003\145\207\163\056}{}% 43
\BOOKMARK [0][]{appendix*.26}{\376\377\201\364\214\042}{}% 44
